// Jest Snapshot v1, https://goo.gl/fbAQLP

exports[`Rendering renders without crashing 1`] = `
<RCTSafeAreaView
  emulateUnlessSupported={true}
  style={
    Array [
      Object {
        "backgroundColor": "#e2f2ff",
        "flexBasis": 0,
        "flexDirection": "column",
        "flexGrow": 1,
        "flexShrink": 1,
      },
    ]
  }
>
  <View
    style={
      Array [
        Object {
          "alignItems": "center",
          "flexDirection": "row",
          "justifyContent": "center",
          "paddingBottom": 0,
          "paddingLeft": 20,
          "paddingRight": 20,
          "paddingTop": 0,
          "width": "100%",
        },
        Object {
          "marginVertical": 12,
        },
      ]
    }
  >
    <TextInput
      allowFontScaling={true}
      autoCapitalize="none"
      autoCorrect={false}
      defaultValue=""
      multiline={false}
      onChangeText={[Function]}
      rejectResponderTermination={true}
      selectionColor="#151A25"
      style={
        Array [
          Object {
            "backgroundColor": "#f3f9ff",
            "borderRadius": 4,
            "color": "#151A25",
            "paddingBottom": 12,
            "paddingLeft": 40,
            "paddingRight": 10,
            "paddingTop": 12,
            "width": "100%",
          },
        ]
      }
      testID="text-input"
      underlineColorAndroid="transparent"
      value=""
    />
    <Image
      source={
        Object {
          "canInstrument": true,
          "createTransformer": [Function],
          "getCacheKey": [Function],
          "process": [Function],
        }
      }
      style={
        Array [
          Object {
            "height": 20,
            "left": 30,
            "position": "absolute",
            "width": 20,
          },
        ]
      }
    />
  </View>
  <View
    style={
      Object {
        "alignItems": "center",
        "alignSelf": "center",
        "backgroundColor": "transparent",
        "flex": 1,
        "flexDirection": "row",
        "height": "100%",
        "justifyContent": "center",
        "position": "absolute",
        "width": "100%",
      }
    }
  >
    <ActivityIndicator
      animating={true}
      color="#969696"
      hidesWhenStopped={true}
      size="large"
    />
  </View>
</RCTSafeAreaView>
`;
