// Jest Snapshot v1, https://goo.gl/fbAQLP

exports[`[Friend] rendering test renders a friend 1`] = `
<View
  style={
    Array [
      Object {
        "alignItems": "center",
        "backgroundColor": "#ffffff",
        "flexBasis": 0,
        "flexDirection": "column",
        "flexGrow": 1,
        "flexShrink": 1,
        "justifyContent": "center",
      },
    ]
  }
>
  <View
    style={
      Object {
        "alignItems": "center",
        "alignSelf": "center",
        "backgroundColor": "transparent",
        "flex": 1,
        "flexDirection": "row",
        "height": "100%",
        "justifyContent": "center",
        "position": "absolute",
        "width": "100%",
      }
    }
  >
    <ActivityIndicator
      animating={true}
      color="#969696"
      hidesWhenStopped={true}
      size="large"
    />
  </View>
</View>
`;
